
ЗДЕСТЬ ЗАПИСАНЫ СООБЩЕНИЯ И КОМАНДЫ КОНСОЛИ 





PS C:\Users\alish\Desktop\alishmmv> cd GIT
PS C:\Users\alish\Desktop\alishmmv\GIT> python -m venv venv
PS C:\Users\alish\Desktop\alishmmv\GIT> git init
Initialized empty Git repository in C:/Users/alish/Desktop/alishmmv/GIT/.git/
PS C:\Users\alish\Desktop\alishmmv\GIT> venv/Scripts/activate 
(venv) PS C:\Users\alish\Desktop\alishmmv\GIT> pip freeze > requirements.txt
(venv) PS C:\Users\alish\Desktop\alishmmv\GIT> git add .gitignore README.md requirements.txt main.py tests/
(venv) PS C:\Users\alish\Desktop\alishmmv\GIT> git commit -m "add main module test"
Author identity unknown

*** Please tell me who you are.

Run

  git config --global user.email "you@example.com"
  git config --global user.name "Your Name"

to set your account's default identity.
Omit --global to set the identity only in this repository.

fatal: unable to auto-detect email address (got 'alish@Alish.(none)')
(venv) PS C:\Users\alish\Desktop\alishmmv\GIT> git config --local user.name "Алишер локал"
(venv) PS C:\Users\alish\Desktop\alishmmv\GIT> git config --local user.email "alishmmv@gmail.com"
(venv) PS C:\Users\alish\Desktop\alishmmv\GIT> git commit -m "add main module test"     
[master (root-commit) 588e65b] add main module test
 5 files changed, 44 insertions(+)
 create mode 100644 .gitignore
 create mode 100644 README.md
 create mode 100644 main.py
 create mode 100644 requirements.txt
 create mode 100644 tests/test_main.py
(venv) PS C:\Users\alish\Desktop\alishmmv\GIT> git config --local --list
core.repositoryformatversion=0
core.filemode=false
core.bare=false
core.logallrefupdates=true
core.symlinks=false
core.ignorecase=true
user.name=Алишер локал
user.email=alishmmv@gmail.com
(venv) PS C:\Users\alish\Desktop\alishmmv\GIT> git config --local --unset user.name     
(venv) PS C:\Users\alish\Desktop\alishmmv\GIT> git config --local --unset user.email 
(venv) PS C:\Users\alish\Desktop\alishmmv\GIT> git config --local --list             
core.repositoryformatversion=0
core.filemode=false
core.bare=false
core.logallrefupdates=true
core.symlinks=false
core.ignorecase=true
(venv) PS C:\Users\alish\Desktop\alishmmv\GIT> git config --global user.name "alishmmv-boop" 
(venv) PS C:\Users\alish\Desktop\alishmmv\GIT> git config --global user.email "alishmmv@gmail.com" 
(venv) PS C:\Users\alish\Desktop\alishmmv\GIT> git config --global --list               
user.name=alishmmv-boop
user.email=alishmmv@gmail.com
(venv) PS C:\Users\alish\Desktop\alishmmv\GIT> git init
Reinitialized existing Git repository in C:/Users/alish/Desktop/alishmmv/GIT/.git/
(venv) PS C:\Users\alish\Desktop\alishmmv\GIT> git remote add origin https://github.com/alishmmv-boop/test1.git
(venv) PS C:\Users\alish\Desktop\alishmmv\GIT> git remote -v
origin  https://github.com/alishmmv-boop/test1.git (fetch)
origin  https://github.com/alishmmv-boop/test1.git (push)
(venv) PS C:\Users\alish\Desktop\alishmmv\GIT> git add .gitignore README.md requirements.txt main.py tests/    
(venv) PS C:\Users\alish\Desktop\alishmmv\GIT> git commit -m "add main module test"     
On branch master       
Untracked files:
  (use "git add <file>..." to include in what will be committed)
        index.py

nothing added to commit but untracked files present (use "git add" to track)
(venv) PS C:\Users\alish\Desktop\alishmmv\GIT> git add .
(venv) PS C:\Users\alish\Desktop\alishmmv\GIT> git status
On branch master
Changes to be committed:
  (use "git restore --staged <file>..." to unstage)
        new file:   index.py

(venv) PS C:\Users\alish\Desktop\alishmmv\GIT> git commit -m
error: switch `m' requires a value
(venv) PS C:\Users\alish\Desktop\alishmmv\GIT> git commit -m
error: switch `m' requires a value
(venv) PS C:\Users\alish\Desktop\alishmmv\GIT> git commit -m "all"
[master ee592fe] all
 1 file changed, 105 insertions(+)
 create mode 100644 index.py
(venv) PS C:\Users\alish\Desktop\alishmmv\GIT> git status
On branch master
Changes not staged for commit:
  (use "git add <file>..." to update what will be committed)
  (use "git restore <file>..." to discard changes in working directory)
        modified:   index.py
        modified:   main.py
        modified:   tests/test_main.py

no changes added to commit (use "git add" and/or "git commit -a")
(venv) PS C:\Users\alish\Desktop\alishmmv\GIT> git add .
(venv) PS C:\Users\alish\Desktop\alishmmv\GIT> git commit -m "all"
[master 2d61f21] all
 3 files changed, 3 insertions(+), 3 deletions(-)
(venv) PS C:\Users\alish\Desktop\alishmmv\GIT> git status
On branch master
nothing to commit, working tree clean
(venv) PS C:\Users\alish\Desktop\alishmmv\GIT> git push -u origin master
info: please complete authentication in your browser...
Enumerating objects: 16, done.
Counting objects: 100% (16/16), done.
Delta compression using up to 12 threads
Compressing objects: 100% (13/13), done.
Writing objects: 100% (16/16), 3.43 KiB | 390.00 KiB/s, done.
Total 16 (delta 4), reused 0 (delta 0), pack-reused 0 (from 0)
remote: Resolving deltas: 100% (4/4), done.
To https://github.com/alishmmv-boop/test1.git
 * [new branch]      master -> master
branch 'master' set up to track 'origin/master'.
(venv) PS C:\Users\alish\Desktop\alishmmv\GIT> git checkout -b feature/add-multiply
Switched to a new branch 'feature/add-multiply'
(venv) PS C:\Users\alish\Desktop\alishmmv\GIT> git add main.py tests/ test_main.py
fatal: pathspec 'test_main.py' did not match any files
(venv) PS C:\Users\alish\Desktop\alishmmv\GIT> git add tests/test_main.py
(venv) PS C:\Users\alish\Desktop\alishmmv\GIT> git commit -m "add multiply and tests"
[feature/add-multiply fd1c7b1] add multiply and tests
 1 file changed, 6 insertions(+), 2 deletions(-)
(venv) PS C:\Users\alish\Desktop\alishmmv\GIT> git add main.py
(venv) PS C:\Users\alish\Desktop\alishmmv\GIT> git commit -m "add multiply and tests"
[feature/add-multiply d93f2ef] add multiply and tests
 1 file changed, 3 insertions(+)
(venv) PS C:\Users\alish\Desktop\alishmmv\GIT> git checkout master
Switched to branch 'master'
Your branch is up to date with 'origin/master'.
(venv) PS C:\Users\alish\Desktop\alishmmv\GIT> git merge feature/add-multiply
Updating 2d61f21..d93f2ef
Fast-forward
 main.py            | 3 +++
 tests/test_main.py | 8 ++++++--
 2 files changed, 9 insertions(+), 2 deletions(-)
(venv) PS C:\Users\alish\Desktop\alishmmv\GIT> git push -u origin master
Enumerating objects: 11, done.
Counting objects: 100% (11/11), done.
Delta compression using up to 12 threads
Compressing objects: 100% (6/6), done.
Writing objects: 100% (7/7), 725 bytes | 241.00 KiB/s, done.
Total 7 (delta 4), reused 0 (delta 0), pack-reused 0 (from 0)
remote: Resolving deltas: 100% (4/4), completed with 3 local objects.
To https://github.com/alishmmv-boop/test1.git
   2d61f21..d93f2ef  master -> master
branch 'master' set up to track 'origin/master'.
(venv) PS C:\Users\alish\Desktop\alishmmv\GIT>